// Jest Snapshot v1, https://goo.gl/fbAQLP

exports[`$parseInt $parseInt should throw for Symbol 1`] = `"Cannot convert a Symbol value to a string"`;

exports[`$parseInt $parseInt should throw for Symbol 2`] = `"Cannot convert a Symbol value to a string"`;

exports[`$parseInt $parseInt should throw if target is not coercible 1`] = `"Cannot convert object to primitive value"`;
